// Vitest Snapshot v1

exports[`HomeView > should render 1`] = `
<div
  className="flex flex-col items-center w-full h-screen justify-center py-4"
>
  <div
    className="drg-title justify-center font-medium text-2xl drg-framer text-center min-w-[400px] max-w-[90%] w-auto py-2 mb-6 uppercase"
  >
    DRG Editor
  </div>
  <div
    className="shadow-md max-w-[90%] p-6 bg-gray-800 drg-framer !border-b-[15px] max-h-[90%] overflow-auto transition-all duration-1000 drg-scrollbar"
  >
    <div
      className="flex items-center justify-center"
    >
      <img
        alt="logo"
        className="w-32 mx-auto"
        height={47}
        src="assets/logo.png"
        width={128}
      />
      <img
        alt="season logo"
        className="mx-auto w-32 season-logo"
        height={47}
        src="assets/season04.webp"
        width={128}
      />
    </div>
    <div
      className="rounded m-6 border-dashed border-drg-primary-700 border-2 p-6 text-center cursor-pointer select-none hover:bg-drg-primary-400 hover:text-slate-900 transition-all duration-200"
      onBlur={[Function]}
      onClick={[Function]}
      onDragEnter={[Function]}
      onDragLeave={[Function]}
      onDragOver={[Function]}
      onDrop={[Function]}
      onFocus={[Function]}
      onKeyDown={[Function]}
      role="presentation"
      tabIndex={0}
    >
      <input
        accept="application/octet-stream,.sav"
        multiple={true}
        onChange={[Function]}
        onClick={[Function]}
        role="button"
        style={
          {
            "display": "none",
          }
        }
        tabIndex={-1}
        type="file"
      />
      <p>
        Drag 'n' drop your save here, or click to select files
      </p>
      <em
        className="text-gray-500"
      >
        (Only *.sav files will be accepted)
        <br />
        (add .sav at the end if usingÂ 
        <span
          className="inline-block text-gray-400 underline"
        >
          Game Pass
        </span>
        )
      </em>
    </div>
  </div>
  <div
    className="absolute -left-24 -rotate-90 lg:left-auto lg:rotate-0 lg:bottom-6 opacity-20"
  >
    <div
      className="bg-slate-800 px-3 py-2 rounded-md justify-center hover:bg-slate-700 transition-all duration-300 cursor-pointer"
    >
      <a
        href="https://github.com/MrMarble/drg-editor"
        rel="noreferrer"
        target="_blank"
      >
        <div
          className="flex flex-row gap-2 justify-center"
        >
          <svg
            fill="currentColor"
            height={16}
            stroke="currentColor"
            strokeWidth="0"
            style={
              {
                "color": undefined,
              }
            }
            viewBox="0 0 496 512"
            width={16}
            xmlns="http://www.w3.org/2000/svg"
          >
            <path
              d="M165.9 397.4c0 2-2.3 3.6-5.2 3.6-3.3.3-5.6-1.3-5.6-3.6 0-2 2.3-3.6 5.2-3.6 3-.3 5.6 1.3 5.6 3.6zm-31.1-4.5c-.7 2 1.3 4.3 4.3 4.9 2.6 1 5.6 0 6.2-2s-1.3-4.3-4.3-5.2c-2.6-.7-5.5.3-6.2 2.3zm44.2-1.7c-2.9.7-4.9 2.6-4.6 4.9.3 2 2.9 3.3 5.9 2.6 2.9-.7 4.9-2.6 4.6-4.6-.3-1.9-3-3.2-5.9-2.9zM244.8 8C106.1 8 0 113.3 0 252c0 110.9 69.8 205.8 169.5 239.2 12.8 2.3 17.3-5.6 17.3-12.1 0-6.2-.3-40.4-.3-61.4 0 0-70 15-84.7-29.8 0 0-11.4-29.1-27.8-36.6 0 0-22.9-15.7 1.6-15.4 0 0 24.9 2 38.6 25.8 21.9 38.6 58.6 27.5 72.9 20.9 2.3-16 8.8-27.1 16-33.7-55.9-6.2-112.3-14.3-112.3-110.5 0-27.5 7.6-41.3 23.6-58.9-2.6-6.5-11.1-33.3 2.6-67.9 20.9-6.5 69 27 69 27 20-5.6 41.5-8.5 62.8-8.5s42.8 2.9 62.8 8.5c0 0 48.1-33.6 69-27 13.7 34.7 5.2 61.4 2.6 67.9 16 17.7 25.8 31.5 25.8 58.9 0 96.5-58.9 104.2-114.8 110.5 9.2 7.9 17 22.9 17 46.4 0 33.7-.3 75.4-.3 83.6 0 6.5 4.6 14.4 17.3 12.1C428.2 457.8 496 362.9 496 252 496 113.3 383.5 8 244.8 8zM97.2 352.9c-1.3 1-1 3.3.7 5.2 1.6 1.6 3.9 2.3 5.2 1 1.3-1 1-3.3-.7-5.2-1.6-1.6-3.9-2.3-5.2-1zm-10.8-8.1c-.7 1.3.3 2.9 2.3 3.9 1.6 1 3.6.7 4.3-.7.7-1.3-.3-2.9-2.3-3.9-2-.6-3.6-.3-4.3.7zm32.4 35.6c-1.6 1.3-1 4.3 1.3 6.2 2.3 2.3 5.2 2.6 6.5 1 1.3-1.3.7-4.3-1.3-6.2-2.2-2.3-5.2-2.6-6.5-1zm-11.4-14.7c-1.6 1-1.6 3.6 0 5.9 1.6 2.3 4.3 3.3 5.6 2.3 1.6-1.3 1.6-3.9 0-6.2-1.4-2.3-4-3.3-5.6-2z"
            />
          </svg>
          <span
            className="my-auto text-xs"
          >
            /MrMarble/drg-editor
          </span>
        </div>
      </a>
    </div>
  </div>
</div>
`;
